ZL3frvmqevvBGwLJktsfW1KqPf/5VjFGzkwye+QpT32f2akxta198bOI07sSbHRP
ZL3frvmqevvBGwLJktsfW1KqPf/5VjFGzkwye+QpT33hwI41AC0kiOd7MqOhxqDg
ZL3frvmqevvBGwLJktsfW1KqPf/5VjFGzkwye+QpT33hwI41AC0kiOd7MqOhxqDg
ZL3frvmqevvBGwLJktsfW1KqPf/5VjFGzkwye+QpT33sxLSw7ddkLpgrAO2Y0YVK
ZL3frvmqevvBGwLJktsfW1KqPf/5VjFGzkwye+QpT32oYY+CRWzeEZgrAO2Y0YVK
ZL3frvmqevvBGwLJktsfW1KqPf/5VjFGzkwye+QpT32x4GeTqisKSOd7MqOhxqDg
ZL3frvmqevvBGwLJktsfW1KqPf/5VjFGzkwye+QpT32b3vbQPr7fJUDlGUhKAP/d
ZL3frvmqevvBGwLJktsfW1KqPf/5VjFGzkwye+QpT31U5tKmsSULHqf2lbqMGbYi
hEfBrtOGbZuw22pnGGBTGj7kXBCXYuEo/Y3TeWdHuRdQCS/QpThvqr7Y93n5dgnv
w2kVnAAWUm+Ozi8mSQy3T6SPUDFHwhS3FQwWjP9WnW5W4n6Yf5Gi8g==
hEfBrtOGbZuw22pnGGBTGj7kXBCXYuEo/Y3TeWdHuRdQCS/QpThvqr7Y93n5dgnv
ZL3frvmqevvBGwLJktsfW1KqPf/5VjFGzkwye+QpT33/Mg6eA2twU0DlGUhKAP/d
kMqKx/8jpMBoS7qK1BtLp9eqse2RJZcM3VtIP0QZjMCI5AJRkCfxHQ==
ZL3frvmqevvBGwLJktsfW1KqPf/5VjFGzkwye+QpT33/Mg6eA2twU0DlGUhKAP/d
urwbCN0nwyBKM6NV6GiYXMvC6x6uuLCf/PhD4DvTayOBTZkPIv2+gQ==
ZL3frvmqevvBGwLJktsfW1KqPf/5VjFGzkwye+QpT33/Mg6eA2twU0DlGUhKAP/d
hEfBrtOGbZuw22pnGGBTGj7kXBCXYuEo/Y3TeWdHuRd3FWqePZC0JZxUynWa/WXr
w2kVnAAWUm+Ozi8mSQy3T6SPUDFHwhS3KysbHq5vFHAPK8tFC2WCog==
hEfBrtOGbZuw22pnGGBTGj7kXBCXYuEo/Y3TeWdHuRd3FWqePZC0JZxUynWa/WXr
n1pqQbqrTt3xncMYFHMMweuPuMFY0AfsdFFS2V4vFkBK7uc3mzg3ZA==
hEfBrtOGbZuw22pnGGBTGj7kXBCXYuEo/Y3TeWdHuRd3FWqePZC0JZxUynWa/WXr
kMqKx/8jpMBoS7qK1BtLp9eqse2RJZcMvG4PWZjEhGH4D6LpBB8/oQ==
ZL3frvmqevvBGwLJktsfW1KqPf/5VjFGgLeMDclyfyMJalLJfT+2HVgfF3JlPGji
kMqKx/8jpMBoS7qK1BtLp9eqse2RJZcMe0T06acec8uNnskh6ZfHSA==
ZL3frvmqevvBGwLJktsfW1KqPf/5VjFGgLeMDclyfyNs9IKNrxRlYud7MqOhxqDg
urwbCN0nwyBKM6NV6GiYXMvC6x6uuLCf6FZXdd79kCOBUfqhdQcuhw==
ZL3frvmqevvBGwLJktsfW1KqPf/5VjFGgLeMDclyfyNs9IKNrxRlYud7MqOhxqDg
